// Jest Snapshot v1, https://goo.gl/fbAQLP

exports[`Pruebas en el componente <CounterApp/> debe mostrar el valor por defecto el counter 1`] = `
<div>
  <h1>
    Contador
  </h1>
  <h4>
    10
  </h4>
  <button
    onClick={[Function]}
  >
    +1
  </button>
  <button
    onClick={[Function]}
  >
    Reset
  </button>
  <button
    onClick={[Function]}
  >
    Reducir -1
  </button>
</div>
`;
